// Jest Snapshot v1, https://goo.gl/fbAQLP

exports[`ProductList renders correctly 1`] = `
<div
  className="container"
>
  <table
    className="mt-3 table table-bordered"
  >
    <thead>
      <tr>
        <th>
          #
        </th>
        <th>
          Title
        </th>
        <th>
          Qty.
        </th>
        <th>
          Price
        </th>
      </tr>
    </thead>
    <tbody />
  </table>
</div>
`;
